
> techcraft-solutions@1.0.0 build
> next build

Γû▓ Next.js 16.2.10 (Turbopack)
- Environments: .env.local

  Creating an optimized production build ...
Γ£ô Compiled successfully in 14.2s
  Running TypeScript ...
